[ecom.local/index.html]
[backblue.gif]
[fade.gif]
[index.html]
[ecom.local/wp-content/themes/astra/assets/css/minified/main.min9537.css]
[ecom.local/wp-content/themes/astra/assets/css/minified/compatibility/woocommerce/woocommerce-layout-grid.min9537.css]
[ecom.local/wp-content/themes/astra/assets/css/minified/compatibility/woocommerce/woocommerce-smallscreen-grid.min9537.css]
[ecom.local/wp-content/themes/astra/assets/css/minified/compatibility/woocommerce/woocommerce-grid.min9537.css]
[ecom.local/wp-includes/css/dashicons.min9704.css]
[ecom.local/wp-content/plugins/variation-swatches-woo/assets/css/swatches0718.css]
[ecom.local/feed/index.html]
[ecom.local/comments/feed/index.html]
[ecom.local/wp-content/plugins/elementor/assets/css/frontend.min7ac2.css]
[ecom.local/wp-content/uploads/elementor/css/post-11738664.css]
[ecom.local/wp-content/plugins/elementor/assets/css/widget-heading.min7ac2.css]
[ecom.local/wp-content/plugins/elementor/assets/css/widget-text-editor.min7ac2.css]
[ecom.local/wp-content/plugins/elementor/assets/css/widget-divider.min7ac2.css]
[ecom.local/wp-content/plugins/elementor/assets/css/widget-testimonial.min7ac2.css]
[ecom.local/wp-content/plugins/elementor/assets/css/widget-icon-box.min7ac2.css]
[ecom.local/wp-content/uploads/elementor/css/post-11788664.css]
[ecom.local/wp-includes/js/jquery/jquery.minf43b.js]
[ecom.local/wp-includes/js/jquery/jquery-migrate.min5589.js]
[ecom.local/wp-content/plugins/woocommerce/assets/js/jquery-blockui/jquery.blockUI.min22b2.js]
[ecom.local/wp-content/plugins/woocommerce/assets/js/frontend/add-to-cart.min0c46.js]
[ecom.local/wp-content/plugins/woocommerce/assets/js/js-cookie/js.cookie.mineaec.js]
[ecom.local/wp-content/plugins/woocommerce/assets/js/frontend/woocommerce.min0c46.js]
[ecom.local/wp-includes/js/underscore.min3ab8.js]
[ecom.local/wp-includes/js/wp-util.min9704.js]
[ecom.local/wp-json/wp/v2/pages/1178.json]
[ecom.local/wp-content/plugins/woocommerce/assets/fonts/Inter-VariableFont_slnt,wght.woff2]
[ecom.local/wp-json/oembed/1.0/embed4ca1]
[ecom.local/wp-content/plugins/woocommerce/assets/fonts/cardo_normal_400.woff2]
[ecom.local/wp-content/uploads/2021/08/site-logo-white.svg]
[ecom.local/wp-content/uploads/2021/08/plants-ecommerce-product-featured-img-8-300x300.jpg]
[ecom.local/wp-json/index.html]
[ecom.local/shop/index.html]
[ecom.local/about/index.html]
[ecom.local/wp-content/uploads/2021/08/plants-ecommerce-product-featured-img-14-300x300.jpg]
[ecom.local/contact/index.html]
[ecom.local/wp-content/uploads/2021/08/plants-ecommerce-product-featured-img-16-300x300.jpg]
[ecom.local/cart/index.html]
[ecom.local/wp-content/uploads/2021/08/plants-ecommerce-product-featured-img-4-300x300.jpg]
[ecom.local/wp-content/uploads/2021/08/plants-ecommerce-product-featured-img-7-300x300.jpg]
[ecom.local/wp-content/uploads/2021/08/plants-store-testimonial-avatar-img.jpg]
[ecom.local/product/hoya-obovatum/index.html]
[ecom.local/wp-content/uploads/2021/08/plants-store-testimonials-avatar-img-2.jpg]
[ecom.local/index474e.html]
[ecom.local/wp-content/uploads/2021/08/plants-store-testimonials-avatar-img-1.jpg]
[ecom.local/product/monstera-deliciosa/index.html]
[ecom.local/indexcf4f.html]
[ecom.local/wp-content/plugins/wpforms-lite/assets/images/submit-spin.svg]
[ecom.local/product/zz-plants/index.html]
[ecom.local/index23d2.html]
[ecom.local/wp-content/plugins/woocommerce/assets/client/blocks/wc-blocksfbdf.css]
[ecom.local/indexe134.html]
[ecom.local/product/bird-of-paradise/index.html]
[ecom.local/product/calathea-beauty-star/index.html]
[ecom.local/wp-content/plugins/wpforms-lite/assets/css/frontend/classic/wpforms-base.minc849.css]
[ecom.local/index54de.html]
[ecom.local/wp-includes/js/dist/dom-ready.min5346.js]
[ecom.local/wp-content/plugins/astra-sites/inc/lib/onboarding/assets/dist/template-preview/maina11c.js]
[ecom.local/wp-content/plugins/woocommerce/assets/js/frontend/add-to-cart-variation.min0c46.js]
[ecom.local/wp-content/plugins/woocommerce/assets/js/sourcebuster/sourcebuster.min0c46.js]
[ecom.local/wp-content/plugins/woocommerce/assets/js/frontend/order-attribution.min0c46.js]
[ecom.local/wp-content/plugins/woocommerce/assets/js/frontend/cart-fragments.min0c46.js]
[ecom.local/wp-content/plugins/elementor/assets/js/webpack.runtime.min7ac2.js]
[ecom.local/wp-content/plugins/elementor/assets/js/frontend-modules.min7ac2.js]
[ecom.local/wp-includes/js/jquery/ui/core.minb37e.js]
[ecom.local/wp-content/plugins/elementor/assets/js/frontend.min7ac2.js]
[ecom.local/wp-content/plugins/wpforms-lite/assets/lib/jquery.validate.min3c17.js]
[ecom.local/wp-content/plugins/wpforms-lite/assets/lib/mailcheck.mincfa9.js]
[ecom.local/wp-content/plugins/wpforms-lite/assets/lib/punycode.min8a54.js]
[ecom.local/wp-content/plugins/wpforms-lite/assets/js/share/utils.minc849.js]
[ecom.local/index.html]
[ecom.local/wp-content/themes/astra/assets/css/minified/main.min9537.css]
[ecom.local/wp-content/themes/astra/assets/css/minified/compatibility/woocommerce/woocommerce-layout-grid.min9537.css]
[ecom.local/wp-content/themes/astra/assets/css/minified/compatibility/woocommerce/woocommerce-smallscreen-grid.min9537.css]
[ecom.local/wp-content/plugins/wpforms-lite/assets/js/frontend/wpforms.minc849.js]
[ecom.local/wp-content/plugins/woocommerce/assets/fonts/star.eot]
[ecom.local/wp-content/plugins/woocommerce/assets/fonts/stard41d.eot]
[ecom.local/wp-content/plugins/woocommerce/assets/fonts/star.woff]
[ecom.local/wp-content/plugins/woocommerce/assets/fonts/star.ttf]
[ecom.local/wp-content/plugins/woocommerce/assets/fonts/star.svg]
[ecom.local/wp-content/plugins/woocommerce/assets/fonts/WooCommerce.eot]
[ecom.local/wp-content/plugins/woocommerce/assets/fonts/WooCommerced41d.eot]
[ecom.local/wp-content/plugins/woocommerce/assets/fonts/WooCommerce.woff]
[ecom.local/wp-content/plugins/woocommerce/assets/fonts/WooCommerce.ttf]
[ecom.local/wp-content/plugins/woocommerce/assets/css/photoswipe/default-skin/default-skin.png]
[ecom.local/wp-content/plugins/woocommerce/assets/images/icons/credit-cards/visa.svg]
[ecom.local/wp-content/plugins/woocommerce/assets/images/icons/credit-cards/mastercard.svg]
[ecom.local/wp-content/plugins/woocommerce/assets/images/icons/credit-cards/laser.svg]
[ecom.local/wp-content/plugins/woocommerce/assets/images/icons/credit-cards/diners.svg]
[ecom.local/wp-content/plugins/woocommerce/assets/images/icons/credit-cards/maestro.svg]
[ecom.local/wp-content/plugins/woocommerce/assets/images/icons/credit-cards/jcb.svg]
[ecom.local/wp-content/plugins/woocommerce/assets/images/icons/credit-cards/amex.svg]
[ecom.local/wp-content/themes/astra/assets/css/minified/compatibility/woocommerce/woocommerce-grid.min9537.css]
[ecom.local/wp-content/plugins/woocommerce/assets/images/icons/credit-cards/discover.svg]
[ecom.local/wp-includes/css/dashicons.min9704.css]
[ecom.local/wp-includes/fonts/dashicons7d4b.ttf]
[ecom.local/wp-content/plugins/variation-swatches-woo/assets/css/swatches0718.css]
[ecom.local/wp-content/plugins/elementor/assets/css/frontend.min7ac2.css]
[ecom.local/wp-content/uploads/elementor/css/post-11738664.css]
[ecom.local/wp-content/plugins/elementor/assets/css/widget-heading.min7ac2.css]
[ecom.local/wp-content/plugins/elementor/assets/css/widget-text-editor.min7ac2.css]
[ecom.local/wp-content/plugins/elementor/assets/css/widget-divider.min7ac2.css]
[ecom.local/wp-content/plugins/elementor/assets/css/widget-testimonial.min7ac2.css]
[ecom.local/wp-content/plugins/elementor/assets/css/widget-icon-box.min7ac2.css]
[ecom.local/wp-content/uploads/2021/09/hero-section-bg.jpg]
[ecom.local/wp-content/uploads/2021/08/plants-store-story-section-img.jpg]
[ecom.local/wp-includes/fonts/dashicons7d4b.eot]
[ecom.local/wp-content/uploads/2021/08/footer-background.jpg]
[ecom.local/wp-content/uploads/elementor/css/post-11788664.css]
[ecom.local/wp-includes/js/jquery/jquery.minf43b.js]
[ecom.local/wp-includes/js/jquery/jquery-migrate.min5589.js]
[ecom.local/wp-content/plugins/woocommerce/assets/js/jquery-blockui/jquery.blockUI.min22b2.js]
[ecom.local/wp-content/plugins/woocommerce/assets/js/frontend/add-to-cart.min0c46.js]
[ecom.local/wp-content/plugins/woocommerce/assets/js/js-cookie/js.cookie.mineaec.js]
[ecom.local/wp-content/plugins/woocommerce/assets/js/frontend/woocommerce.min0c46.js]
[ecom.local/wp-includes/js/underscore.min3ab8.js]
[ecom.local/wp-includes/js/wp-util.min9704.js]
[ecom.local/wp-json/oembed/1.0/embed36bb]
[ecom.local/wp-content/uploads/2021/08/site-logo-white.svg]
[ecom.local/wp-content/uploads/2021/08/site-logo.svg]
[ecom.local/shop/feed/index.html]
[ecom.local/wp-content/plugins/woocommerce/assets/client/blocks/coming-soonfbdf.css]
[ecom.local/shop/index.html]
[ecom.local/wp-content/uploads/elementor/css/post-2529163.css]
[ecom.local/wp-json/oembed/1.0/embed5e4b.json]
[ecom.local/wp-content/uploads/2021/08/Group-107.jpg]
[ecom.local/wp-json/oembed/1.0/embeda298]
[ecom.local/wp-content/uploads/2021/08/plants-store-owner-avatar-img.jpg]
[ecom.local/wp-content/uploads/2021/08/plants-store-gallery-img-6.jpg]
[ecom.local/wp-content/uploads/2021/08/plants-store-gallery-img-2.jpg]
[ecom.local/wp-content/uploads/2021/08/plants-store-gallery-img-4.jpg]
[ecom.local/wp-content/uploads/2021/08/plants-store-gallery-img-5.jpg]
[ecom.local/wp-content/plugins/elementor/assets/css/widget-video.min7ac2.css]
[ecom.local/wp-content/plugins/elementor/assets/lib/swiper/v8/css/swiper.min94a4.css]
[ecom.local/wp-content/plugins/elementor/assets/css/conditionals/e-swiper.min7ac2.css]
[ecom.local/wp-content/plugins/elementor/assets/css/widget-image-gallery.min7ac2.css]
[ecom.local/about/index.html]
[ecom.local/wp-content/themes/astra/assets/css/minified/galleries.min9537.css]
[ecom.local/wp-json/wp/v2/pages/357.json]
[ecom.local/wp-json/oembed/1.0/embedeed4]
[ecom.local/wp-content/plugins/elementor/assets/css/widget-social-icons.min7ac2.css]
[ecom.local/wp-content/plugins/elementor/assets/css/conditionals/apple-webkit.min7ac2.css]
[ecom.local/wp-content/plugins/elementor/assets/css/widget-google_maps.min7ac2.css]
[ecom.local/contact/index.html]
[ecom.local/wp-content/plugins/wpforms-lite/assets/js/integrations/elementor/frontend.minc849.js]
[ecom.local/wp-includes/css/dist/block-library/style.min9704.css]
[ecom.local/wp-content/plugins/woocommerce/assets/css/select20c46.css]
[ecom.local/wp-content/plugins/woocommerce/assets/js/frontend/country-select.min0c46.js]
[ecom.local/wp-content/plugins/woocommerce/assets/js/frontend/address-i18n.min0c46.js]
[ecom.local/wp-content/plugins/woocommerce/assets/js/frontend/cart.min0c46.js]
[ecom.local/wp-content/plugins/woocommerce/assets/js/selectWoo/selectWoo.full.minc9d1.js]
[ecom.local/wp-json/wp/v2/pages/1175.json]
[ecom.local/cart/index.html]
[ecom.local/wp-json/oembed/1.0/embed0cb8.json]
[ecom.local/wp-content/plugins/woocommerce/assets/css/photoswipe/photoswipe.min0c46.css]
[ecom.local/product/birdnest-japanese/index.html]
[ecom.local/wp-content/plugins/woocommerce/assets/css/photoswipe/default-skin/default-skin.min0c46.css]
[ecom.local/product/hoya-obovatum/feed/index.html]
[ecom.local/index2b08.html]
[ecom.local/wp-content/uploads/elementor/css/post-2427b76.css]
[ecom.local/wp-content/plugins/woocommerce/assets/js/zoom/jquery.zoom.min30d3.js]
[ecom.local/wp-content/plugins/woocommerce/assets/js/flexslider/jquery.flexslider.min4588.js]
[ecom.local/wp-content/plugins/woocommerce/assets/js/photoswipe/photoswipe.min9c28.js]
[ecom.local/wp-content/plugins/woocommerce/assets/js/photoswipe/photoswipe-ui-default.min9c28.js]
[ecom.local/wp-content/plugins/woocommerce/assets/js/frontend/single-product.min0c46.js]
[ecom.local/wp-json/wp/v2/product/242.json]
[ecom.local/wp-json/oembed/1.0/embed6bcb.json]
[ecom.local/product/hoya-obovatum/index.html]
[ecom.local/wp-includes/js/comment-reply.min9704.js]
[ecom.local/index474e.html]
[ecom.local/wp-content/uploads/2021/08/plants-ecommerce-product-featured-img-5-300x300.jpg]
[ecom.local/wp-content/uploads/elementor/css/post-2410e19.css]
[ecom.local/product/monstera-deliciosa/feed/index.html]
[ecom.local/wp-json/oembed/1.0/embed997a.json]
[ecom.local/product/monstera-deliciosa/index.html]
[ecom.local/indexcf4f.html]
[ecom.local/wp-json/oembed/1.0/embedbed9]
[ecom.local/wp-content/plugins/elementor/assets/css/widget-icon-list.min7ac2.css]
[ecom.local/wp-content/uploads/elementor/css/post-240e8d6.css]
[ecom.local/product/zz-plants/feed/index.html]
[ecom.local/wp-json/wp/v2/product/240.json]
[ecom.local/wp-json/oembed/1.0/embed06b3.json]
[ecom.local/product/zz-plants/index.html]
[ecom.local/index23d2.html]
[ecom.local/wp-json/oembed/1.0/embed792b]
[ecom.local/wp-content/uploads/elementor/css/post-239c66a.css]
[ecom.local/product/bird-of-paradise/feed/index.html]
[ecom.local/wp-json/wp/v2/product/239.json]
[ecom.local/wp-json/oembed/1.0/embed0b8c.json]
[ecom.local/product/bird-of-paradise/index.html]
[ecom.local/indexe134.html]
[ecom.local/wp-json/oembed/1.0/embed39ed]
[ecom.local/wp-content/uploads/elementor/css/post-238620d.css]
[ecom.local/product/calathea-beauty-star/feed/index.html]
[ecom.local/wp-json/wp/v2/product/238.json]
[ecom.local/wp-json/oembed/1.0/embed197d.json]
[ecom.local/product/calathea-beauty-star/index.html]
[ecom.local/index54de.html]
[ecom.local/wp-content/plugins/wpforms-lite/assets/images/submit-spin.svg]
[ecom.local/wp-content/plugins/woocommerce/assets/client/blocks/wc-blocksfbdf.css]
[ecom.local/wp-json/oembed/1.0/embed5bcf]
[ecom.local/wp-content/plugins/wpforms-lite/assets/pro/images/times-solid-white.svg]
[ecom.local/wp-content/plugins/wpforms-lite/assets/css/frontend/classic/wpforms-base.minc849.css]
[ecom.local/wp-includes/js/dist/dom-ready.min5346.js]
[ecom.local/wp-content/plugins/astra-sites/inc/lib/onboarding/assets/dist/template-preview/maina11c.js]
[ecom.local/wp-content/plugins/woocommerce/assets/js/frontend/add-to-cart-variation.min0c46.js]
[ecom.local/wp-content/plugins/woocommerce/assets/js/sourcebuster/sourcebuster.min0c46.js]
[ecom.local/wp-content/plugins/woocommerce/assets/js/frontend/order-attribution.min0c46.js]
[ecom.local/wp-content/plugins/woocommerce/assets/js/frontend/cart-fragments.min0c46.js]
[ecom.local/wp-content/plugins/elementor/assets/js/webpack.runtime.min7ac2.js]
[ecom.local/wp-content/plugins/elementor/assets/js/frontend-modules.min7ac2.js]
[ecom.local/wp-includes/js/jquery/ui/core.minb37e.js]
[ecom.local/wp-content/themes/astra/assets/js/minified/mobile-cart.min9537.js]
[ecom.local/wp-content/themes/astra/assets/js/minified/frontend.min9537.js]
[ecom.local/wp-content/plugins/variation-swatches-woo/assets/js/swatches0718.js]
[ecom.local/-negative.96.delayed]
[ecom.local/wp-content/plugins/elementor/assets/js/frontend.min7ac2.js]
[ecom.local/wp-content/plugins/wpforms-lite/assets/lib/jquery.validate.min3c17.js]
[ecom.local/optusnet.com.au]
[ecom.local/OPR/index.html]
[ecom.local/com.au]
[ecom.local/net.au]
[ecom.local/wp-content/plugins/wpforms-lite/assets/lib/mailcheck.mincfa9.js]
[ecom.local/wp-content/plugins/wpforms-lite/assets/lib/punycode.min8a54.js]
[ecom.local/wp-content/plugins/wpforms-lite/assets/js/share/utils.minc849.js]
[ecom.local/wp-content/plugins/wpforms-lite/assets/js/frontend/wpforms.minc849.js]
[ecom.local/wp-content/plugins/woocommerce/assets/fonts/star.html]
[ecom.local/wp-content/plugins/woocommerce/assets/fonts/stard41d.html]
[ecom.local/wp-content/plugins/woocommerce/assets/fonts/star.svg]
[ecom.local/wp-content/plugins/woocommerce/assets/fonts/WooCommerce.html]
[ecom.local/wp-content/plugins/woocommerce/assets/fonts/WooCommerced41d.html]
[ecom.local/wp-content/plugins/woocommerce/assets/images/icons/loader.svg]
[ecom.local/wp-content/plugins/woocommerce/assets/images/icons/credit-cards/visa.svg]
[ecom.local/wp-content/plugins/woocommerce/assets/images/icons/credit-cards/mastercard.svg]
[ecom.local/wp-content/plugins/woocommerce/assets/images/icons/credit-cards/laser.svg]
[ecom.local/wp-content/plugins/woocommerce/assets/images/icons/credit-cards/diners.svg]
[ecom.local/wp-content/plugins/woocommerce/assets/images/icons/credit-cards/maestro.svg]
[ecom.local/wp-content/plugins/woocommerce/assets/images/icons/credit-cards/jcb.svg]
[ecom.local/wp-content/plugins/woocommerce/assets/images/icons/credit-cards/amex.svg]
[ecom.local/wp-content/plugins/woocommerce/assets/images/icons/credit-cards/discover.svg]
[ecom.local/wp-content/uploads/2021/08/site-logo.svg]
[ecom.local/wp-content/plugins/woocommerce/assets/client/blocks/coming-soonfbdf.css]
[ecom.local/wp-content/uploads/elementor/css/post-2529163.css]
[ecom.local/indexa943.html]
[ecom.local/wp-content/plugins/elementor/assets/css/widget-video.min7ac2.css]
[ecom.local/wp-content/uploads/2021/08/plants-store-gallery-img-3.jpg]
[ecom.local/wp-content/plugins/woocommerce/assets/fonts/WooCommerce.svg]
[ecom.local/wp-content/plugins/elementor/assets/lib/swiper/v8/css/swiper.min94a4.css]
[ecom.local/wp-content/plugins/elementor/assets/css/conditionals/e-swiper.min7ac2.css]
[ecom.local/wp-content/plugins/elementor/assets/css/widget-image-gallery.min7ac2.css]
[ecom.local/wp-content/themes/astra/assets/css/minified/galleries.min9537.css]
[ecom.local/indexec1b.html]
[ecom.local/wp-content/plugins/elementor/assets/css/widget-social-icons.min7ac2.css]
[ecom.local/wp-content/plugins/elementor/assets/css/conditionals/apple-webkit.min7ac2.css]
[ecom.local/wp-content/plugins/elementor/assets/css/widget-google_maps.min7ac2.css]
[ecom.local/wp-content/plugins/wpforms-lite/assets/js/integrations/elementor/frontend.minc849.js]
[ecom.local/wp-includes/css/dist/block-library/style.min9704.css]
[ecom.local/wp-content/plugins/woocommerce/assets/css/select20c46.css]
[ecom.local/wp-content/plugins/woocommerce/assets/js/frontend/country-select.min0c46.js]
[ecom.local/wp-content/plugins/woocommerce/assets/js/frontend/address-i18n.min0c46.js]
[ecom.local/wp-content/plugins/woocommerce/assets/js/frontend/cart.min0c46.js]
[ecom.local/wp-content/plugins/woocommerce/assets/js/selectWoo/selectWoo.full.minc9d1.js]
[ecom.local/index5d2a.html]
[ecom.local/wp-content/uploads/elementor/css/post-3571688.css]
[ecom.local/wp-json/oembed/1.0/embed4377]
[ecom.local/wp-json/oembed/1.0/embedaa64]
[ecom.local/wp-content/uploads/elementor/css/post-2430c66.css]
[ecom.local/product/birdnest-japanese/feed/index.html]
[ecom.local/wp-json/wp/v2/product/243.json]
[ecom.local/wp-json/oembed/1.0/embed54fa.json]
[ecom.local/product/birdnest-japanese/index.html]
[ecom.local/index2b08.html]
[ecom.local/wp-content/plugins/woocommerce/assets/css/photoswipe/photoswipe.min0c46.css]
[ecom.local/wp-json/oembed/1.0/embed7110]
[ecom.local/wp-content/plugins/woocommerce/assets/css/photoswipe/default-skin/default-skin.svg]
[ecom.local/wp-content/plugins/woocommerce/assets/css/photoswipe/default-skin/preloader.gif]
[ecom.local/wp-content/plugins/woocommerce/assets/css/photoswipe/default-skin/default-skin.min0c46.css]
[ecom.local/wp-content/uploads/2021/08/produuct-description-bg.jpg]
[ecom.local/wp-content/uploads/elementor/css/post-2427b76.css]
[ecom.local/wp-content/plugins/woocommerce/assets/js/zoom/jquery.zoom.min30d3.js]
[ecom.local/wp-content/plugins/woocommerce/assets/js/flexslider/jquery.flexslider.min4588.js]
[ecom.local/wp-content/plugins/woocommerce/assets/js/photoswipe/photoswipe.min9c28.js]
[ecom.local/wp-content/plugins/woocommerce/assets/js/photoswipe/photoswipe-ui-default.min9c28.js]
[ecom.local/wp-content/plugins/woocommerce/assets/js/frontend/single-product.min0c46.js]
[ecom.local/indexa8b8.html]
[ecom.local/wp-includes/js/comment-reply.min9704.js]
[ecom.local/wp-content/uploads/elementor/css/post-2410e19.css]
[ecom.local/index03e1.html]
[ecom.local/wp-content/plugins/elementor/assets/css/widget-icon-list.min7ac2.css]
[ecom.local/wp-content/uploads/elementor/css/post-240e8d6.css]
[ecom.local/indexcfe0.html]
[ecom.local/wp-content/uploads/elementor/css/post-239c66a.css]
[ecom.local/index1639.html]
[ecom.local/wp-content/uploads/elementor/css/post-238620d.css]
[ecom.local/index3dc6.html]
[ecom.local/wp-content/plugins/wpforms-lite/assets/pro/images/times-solid-white.html]
[ecom.local/wp-content/themes/astra/assets/js/minified/frontend.min9537.js]
[ecom.local/wp-content/themes/astra/assets/js/minified/mobile-cart.min9537.js]
[ecom.local/wp-content/plugins/variation-swatches-woo/assets/js/swatches0718.js]
[ecom.local/-negative.html]
[ecom.local/OPR/index.html]
[ecom.local/optusnet.com.html]
[ecom.local/com.html]
[ecom.local/net.html]
[ecom.local/wp-content/plugins/woocommerce/assets/fonts/WooCommerce.svg]
[ecom.local/xmlrpc0db0.php]
[ecom.local/wp-content/uploads/elementor/css/post-3571688.css]
[ecom.local/wp-content/uploads/elementor/css/post-2430c66.css]
[ecom.local/indexfbc5.html]
[ecom.local/wp-content/plugins/woocommerce/assets/css/photoswipe/default-skin/default-skin.svg]
[ecom.local/wp-json/oembed/1.0/embed02e7]
[ecom.local/wp-json/wp/v2/pages/252]
[ecom.local/wp-json/wp/v2/product/241]
[ecom.local/wp-content/uploads/2021/08/plants-store-gallery-img-1.jpg]
